{
  "status": 200,
  "response": {
    "data": {
      "type": "transaction",
      "id": "12223131",
      "attributes": {
        "type": "bet refund",
        "account": "12345",
        "amount": 100.1,
        "previousBalance": 600.1,
        "currentBalance": 500,
        "currency": "USD"
      }
    }
  }
}
